// Jest Snapshot v1, https://goo.gl/fbAQLP

exports[`RouteSwitch Component renders route browser 1`] = `
<div>
  <nav>
    <ul>
      <li>
        Menu Item 1
      </li>
    </ul>
  </nav>
  <div
    class="App"
  >
    <h1>
      Home Page
    </h1>
  </div>
</div>
`;
